// Jest Snapshot v1, https://goo.gl/fbAQLP

exports[`Если приложение загрузилось, то компонент AudioPlayer отрисовался 1`] = `
Array [
  <button
    className="track__button track__button--play"
    disabled={true}
    onClick={[Function]}
    type="button"
  />,
  <div
    className="track__status"
  >
    <audio />
  </div>,
]
`;
